<?xml version="1.0" encoding="utf-8"?><testsuites><testsuite name="pytest" errors="0" failures="0" skipped="0" tests="26" time="0.059" timestamp="2025-08-03T01:50:06.687729" hostname="pkrvmjbmru5nbw0"><testcase classname="tests.test_calculator.TestCalculator" name="test_add_positive_numbers" time="0.001" /><testcase classname="tests.test_calculator.TestCalculator" name="test_add_negative_numbers" time="0.001" /><testcase classname="tests.test_calculator.TestCalculator" name="test_subtract_positive_numbers" time="0.000" /><testcase classname="tests.test_calculator.TestCalculator" name="test_multiply_numbers" time="0.000" /><testcase classname="tests.test_calculator.TestCalculator" name="test_divide_numbers" time="0.001" /><testcase classname="tests.test_calculator.TestCalculator" name="test_divide_by_zero_raises_error" time="0.001" /><testcase classname="tests.test_calculator.TestEmailValidation" name="test_valid_email" time="0.000" /><testcase classname="tests.test_calculator.TestEmailValidation" name="test_invalid_email_no_at" time="0.000" /><testcase classname="tests.test_calculator.TestEmailValidation" name="test_invalid_email_empty" time="0.000" /><testcase classname="tests.test_calculator.TestEmailValidation" name="test_invalid_email_none" time="0.000" /><testcase classname="tests.test_calculator.TestEmailValidation" name="test_invalid_email_multiple_at" time="0.000" /><testcase classname="tests.test_calculator.TestEmailValidation" name="test_invalid_email_no_domain" time="0.000" /><testcase classname="tests.test_calculator.TestEmailValidation" name="test_invalid_email_no_username" time="0.000" /><testcase classname="tests.test_calculator.TestFibonacci" name="test_fibonacci_zero" time="0.000" /><testcase classname="tests.test_calculator.TestFibonacci" name="test_fibonacci_one" time="0.000" /><testcase classname="tests.test_calculator.TestFibonacci" name="test_fibonacci_positive" time="0.000" /><testcase classname="tests.test_calculator.TestFibonacci" name="test_fibonacci_negative_raises_error" time="0.000" /><testcase classname="tests.test_calculator.TestProcessList" name="test_process_empty_list" time="0.000" /><testcase classname="tests.test_calculator.TestProcessList" name="test_process_string_list" time="0.000" /><testcase classname="tests.test_calculator.TestProcessList" name="test_process_mixed_list" time="0.000" /><testcase classname="tests.test_calculator.TestProcessList" name="test_process_none_input" time="0.000" /><testcase classname="tests.test_calculator" name="test_calculator_add_parametrized[1-2-3]" time="0.000" /><testcase classname="tests.test_calculator" name="test_calculator_add_parametrized[0-0-0]" time="0.001" /><testcase classname="tests.test_calculator" name="test_calculator_add_parametrized[-1-1-0]" time="0.000" /><testcase classname="tests.test_calculator" name="test_calculator_add_parametrized[100-200-300]" time="0.000" /><testcase classname="tests.test_calculator" name="test_fibonacci_large_number" time="0.000" /></testsuite></testsuites>